alpha
bravo
charlie
echo
foxtrot
golf
hotel
india
Juliet
alphabravo
alphacharlie
alphaecho
alphafoxtrot
alphagolf
alphahotel
alphaindia
alphaJuliet
bravoalpha
bravocharlie
bravoecho
bravofoxtrot
bravogolf
bravohotel
bravoindia
bravoJuliet
charliealpha
charliebravo
charlieecho
charliefoxtrot
charliegolf
charliehotel
charlieindia
charlieJuliet
echoalpha
echobravo
echocharlie
echofoxtrot
echogolf
echohotel
echoindia
echoJuliet
foxtrotalpha
foxtrotbravo
foxtrotcharlie
foxtrotecho
foxtrotgolf
foxtrothotel
foxtrotindia
foxtrotJuliet
golfalpha
golfbravo
golfcharlie
golfecho
golffoxtrot
golfhotel
golfindia
golfJuliet
hotelalpha
hotelbravo
hotelcharlie
hotelecho
hotelfoxtrot
hotelgolf
hotelindia
hotelJuliet
indiaalpha
indiabravo
indiacharlie
indiaecho
indiafoxtrot
indiagolf
indiahotel
indiaJuliet
Julietalpha
Julietbravo
Julietcharlie
Julietecho
Julietfoxtrot
Julietgolf
Juliethotel
Julietindia
